// Jest Snapshot v1, https://goo.gl/fbAQLP

exports[`Questions component renders correctly 1`] = `ShallowWrapper {}`;
